2026-09-07 19:07:26 kill pid=6248 exe=steam.exe
2026-09-07 19:07:26 kill pid=18568 exe=steamwebhelper.exe
2026-09-07 19:07:26 kill pid=32384 exe=steamwebhelper.exe
2026-09-07 19:07:26 kill pid=38576 exe=steamwebhelper.exe
2026-09-07 19:07:26 kill pid=40332 exe=steamwebhelper.exe
2026-09-07 19:07:26 kill pid=30556 exe=steamwebhelper.exe
2026-09-07 19:07:26 kill pid=37116 exe=steamwebhelper.exe
2026-09-07 19:07:26 kill pid=26000 exe=steamwebhelper.exe
2026-09-07 19:09:11 kill pid=31192 exe=steam.exe
2026-09-07 19:09:14 kill pid=38812 exe=steam.exe
2026-09-07 19:09:16 kill pid=39776 exe=steam.exe
2026-09-07 20:56:56 kill pid=12456 exe=taskmgr.exe
2026-09-08 16:41:59 kill pid=52408 exe=taskmgr.exe
2026-09-08 16:47:24 kill pid=59404 exe=taskmgr.exe
2026-09-08 16:47:29 kill pid=63272 exe=taskmgr.exe
2026-09-08 16:47:31 kill pid=50468 exe=taskmgr.exe
2026-09-08 16:47:32 kill pid=50576 exe=taskmgr.exe
2026-09-08 16:47:34 kill pid=60916 exe=taskmgr.exe
2026-09-08 16:47:35 kill pid=55884 exe=taskmgr.exe
2026-09-08 17:59:32 kill pid=40660 exe=notepad.exe
2026-09-08 18:11:07 kill pid=43320 exe=steam.exe
2026-09-08 18:11:42 kill pid=64204 exe=steam.exe
2026-09-09 01:52:44 kill pid=17416 exe=steam.exe
2026-09-09 01:52:45 kill pid=13940 exe=steamwebhelper.exe
2026-09-09 01:52:45 kill pid=53660 exe=steamwebhelper.exe
2026-09-09 01:52:45 kill pid=58092 exe=steamwebhelper.exe
2026-09-09 01:52:45 kill pid=53656 exe=steamwebhelper.exe
2026-09-09 01:52:45 kill pid=55636 exe=steamwebhelper.exe
2026-09-09 18:36:08 kill pid=6636 exe=steam.exe
2026-09-09 18:36:48 kill pid=25324 exe=steam.exe
2026-09-09 18:37:20 kill pid=14132 exe=steam.exe
2026-09-09 18:37:24 kill pid=3724 exe=taskmgr.exe
2026-09-09 18:37:24 kill pid=16320 exe=taskmgr.exe
2026-09-11 07:49:09 kill pid=28368 exe=steam.exe
2026-09-11 14:17:17 kill pid=10792 exe=taskmgr.exe
2026-09-11 14:17:17 kill pid=4728 exe=taskmgr.exe
2026-09-13 13:59:30 kill pid=20840 exe=calt_test_block_target.exe
2026-09-13 13:59:38 kill pid=38900 exe=calt_test_block_target.exe
2026-09-13 14:05:56 kill pid=31404 exe=calt_test_block_target.exe
2026-09-13 14:13:06 kill pid=38804 exe=calt_test_block_target.exe
2026-09-14 00:24:48 kill pid=20260 exe=calt_test_block_target.exe
2026-09-14 00:25:02 kill pid=34716 exe=calt_test_block_target.exe
2026-09-14 00:26:40 kill pid=29092 exe=calt_test_block_target.exe
2026-09-14 00:26:55 kill pid=22796 exe=calt_test_block_target.exe
2026-09-14 00:28:35 kill pid=32924 exe=calt_test_block_target.exe
2026-09-14 00:28:47 kill pid=33120 exe=calt_test_block_target.exe
2026-09-14 00:31:19 kill pid=33692 exe=calt_test_block_target.exe
2026-09-14 00:31:32 kill pid=33296 exe=calt_test_block_target.exe
2026-09-24 03:02:52 kill pid=32816 exe=steam.exe
2026-09-24 13:59:13 kill pid=10452 exe=steam.exe
2026-09-24 13:59:36 kill pid=5904 exe=steam.exe
2026-09-24 13:59:40 kill pid=9708 exe=steam.exe
2026-09-24 13:59:42 kill pid=26628 exe=steam.exe
2026-09-24 13:59:43 kill pid=20736 exe=steam.exe
2026-10-03 01:09:15 kill pid=22812 exe=steam.exe
2026-10-03 01:09:15 kill pid=8444 exe=steamwebhelper.exe
2026-10-03 01:09:15 kill pid=9212 exe=steamwebhelper.exe
2026-10-03 01:09:15 kill pid=22588 exe=steamwebhelper.exe
2026-10-03 01:09:15 kill pid=22568 exe=steamwebhelper.exe
2026-10-03 01:09:15 kill pid=25460 exe=steamwebhelper.exe
2026-10-03 01:09:15 kill pid=11096 exe=steamwebhelper.exe
2026-10-03 01:09:15 kill pid=30612 exe=steamwebhelper.exe
2026-10-03 01:09:15 kill pid=17460 exe=cursor.exe
2026-10-03 01:09:15 kill pid=37484 exe=cursor.exe
2026-10-03 01:09:15 kill pid=27260 exe=cursor.exe
2026-10-03 01:09:15 kill pid=39172 exe=cursor.exe
2026-10-03 01:09:15 kill pid=31120 exe=cursor.exe
2026-10-03 01:09:15 kill pid=26348 exe=cursor.exe
2026-10-03 01:09:15 kill pid=32020 exe=cursor.exe
2026-10-03 01:09:15 kill pid=18940 exe=cursor.exe
2026-10-03 01:09:15 kill pid=12080 exe=cursor.exe
2026-10-03 01:09:15 kill pid=27996 exe=cursor.exe
2026-10-03 01:09:15 kill pid=22788 exe=cursor.exe
2026-10-03 01:09:15 kill pid=28072 exe=cursor.exe
2026-10-03 01:09:15 kill pid=2348 exe=cursor.exe
2026-10-03 01:09:15 kill pid=11344 exe=cursor.exe
2026-10-03 01:09:15 kill pid=1664 exe=cursor.exe
2026-10-03 01:09:15 kill pid=6180 exe=cursor.exe
2026-10-03 01:09:15 kill pid=34836 exe=cursor.exe
2026-10-03 01:44:00 kill pid=16356 exe=cursor.exe
2026-10-03 02:21:05 kill pid=37060 exe=steam.exe
2026-10-03 02:21:53 kill pid=27928 exe=steam.exe
2026-10-03 02:21:57 kill pid=13476 exe=steam.exe
2026-10-03 02:22:10 kill pid=31824 exe=steam.exe
2026-10-03 02:22:19 kill pid=35516 exe=steam.exe
